--
-- VARCHAR
--
CREATE TABLE VARCHAR_TBL(f1 varchar);
INSERT INTO VARCHAR_TBL (f1) VALUES ('a');
INSERT INTO VARCHAR_TBL (f1) VALUES ('A');
-- any of the following three input formats are acceptable
INSERT INTO VARCHAR_TBL (f1) VALUES ('1');
INSERT INTO VARCHAR_TBL (f1) VALUES (2);
INSERT INTO VARCHAR_TBL (f1) VALUES ('3');
-- zero-length char
INSERT INTO VARCHAR_TBL (f1) VALUES ('');
-- try varchar's of greater than 1 length
INSERT INTO VARCHAR_TBL (f1) VALUES ('cd');
INSERT INTO VARCHAR_TBL (f1) VALUES ('c     ');
SELECT * FROM VARCHAR_TBL ORDER BY f1;
   f1   
----
 
 1
 2
 3
 A
 a
 c     
 cd
(8 rows)

SELECT c.*
   FROM VARCHAR_TBL c
   WHERE c.f1 <> 'a'
   ORDER BY c.f1;
   f1   
----
 
 1
 2
 3
 A
 c     
 cd
(7 rows)

SELECT c.*
   FROM VARCHAR_TBL c
   WHERE c.f1 = 'a'
   ORDER BY c.f1;
 f1 
----
 a
(1 row)

SELECT c.*
   FROM VARCHAR_TBL c
   WHERE c.f1 < 'a'
   ORDER BY c.f1;
 f1 
----
 
 1
 2
 3
 A
(5 rows)

SELECT c.*
   FROM VARCHAR_TBL c
   WHERE c.f1 <= 'a'
   ORDER BY c.f1;
 f1 
----
 
 1
 2
 3
 A
 a
(6 rows)

SELECT c.*
   FROM VARCHAR_TBL c
   WHERE c.f1 > 'a'
   ORDER BY c.f1;
   f1   
----
 c     
 cd
(2 rows)

SELECT c.*
   FROM VARCHAR_TBL c
   WHERE c.f1 >= 'a'
   ORDER BY c.f1;
   f1   
----
 a
 c     
 cd
(3 rows)

DROP TABLE VARCHAR_TBL;
--
-- Now test longer arrays of char
--
CREATE TABLE VARCHAR_TBL(f1 varchar);
INSERT INTO VARCHAR_TBL (f1) VALUES ('a');
INSERT INTO VARCHAR_TBL (f1) VALUES ('ab');
INSERT INTO VARCHAR_TBL (f1) VALUES ('abcd');
INSERT INTO VARCHAR_TBL (f1) VALUES ('abcde');
INSERT INTO VARCHAR_TBL (f1) VALUES ('abcd    ');
SELECT * FROM VARCHAR_TBL ORDER BY f1;
    f1    
------
 a
 ab
 abcd
 abcd    
 abcde
(5 rows)

DROP TABLE VARCHAR_TBL;
